node.exe : npm verbose cli C:\nvm4w\nodejs\node.exe 
C:\nvm4w\nodejs\node_modules\npm\bin\npm-cli.js
At C:\nvm4w\nodejs\npm.ps1:16 char:5
+     & "$basedir/node$exe"  "$basedir/node_modules/npm/bin/npm-cli.js" ...
+     ~~~~~~~~~~~~~~~~~~~~~~~~~~~~~~~~~~~~~~~~~~~~~~~~~~~~~~~~~~~~~~~~~
    + CategoryInfo          : NotSpecified: (npm verbose cli...\bin\npm-cli.js:String) [], Remo 
   teException
    + FullyQualifiedErrorId : NativeCommandError
 
npm info using npm@11.6.2
npm info using node@v22.19.0
npm info config found workspace root at C:\Users\maski\ai-music-community
npm verbose title npm test ModeratorFlagButton.test.tsx ModeratorFlagModal.test.tsx
npm verbose argv "test" "ModeratorFlagButton.test.tsx" "ModeratorFlagModal.test.tsx" 
"--loglevel" "verbose"
npm verbose logfile logs-max:10 
dir:C:\Users\maski\AppData\Local\npm-cache\_logs\2025-11-30T05_06_28_136Z-
npm verbose logfile 
C:\Users\maski\AppData\Local\npm-cache\_logs\2025-11-30T05_06_28_136Z-debug-0.log

> client@0.1.0 test
> jest ModeratorFlagButton.test.tsx ModeratorFlagModal.test.tsx

FAIL src/components/moderation/__tests__/ModeratorFlagButton.test.tsx
  笳・ModeratorFlagButton 窶ｺ Visibility Based on Role 窶ｺ should not render when user is not 
authenticated

    expect(received).toBeNull()

    Received: <div aria-label="Notifications" class="fixed top-4 right-4 z-50 flex flex-col 
items-end pointer-events-none" role="region"><div class="pointer-events-auto" /></div>

    [0m [90m 80 |[39m       )[33m;[39m
     [90m 81 |[39m
    [31m[1m>[22m[39m[90m 82 |[39m       
expect(container[33m.[39mfirstChild)[33m.[39mtoBeNull()[33m;[39m
     [90m    |[39m                                    [31m[1m^[22m[39m
     [90m 83 |[39m     })[33m;[39m
     [90m 84 |[39m
     [90m 85 |[39m     it([32m'should not render while loading role check'[39m[33m,[39m 
[36masync[39m () [33m=>[39m {[0m

      at Object.toBeNull 
(src/components/moderation/__tests__/ModeratorFlagButton.test.tsx:82:36)

  笳・ModeratorFlagButton 窶ｺ Visibility Based on Role 窶ｺ should not render while loading role 
check

    expect(received).toBeNull()

    Received: <div aria-label="Notifications" class="fixed top-4 right-4 z-50 flex flex-col 
items-end pointer-events-none" role="region"><div class="pointer-events-auto" /></div>

    [0m [90m 94 |[39m
     [90m 95 |[39m       [90m// Should not render while loading[39m
    [31m[1m>[22m[39m[90m 96 |[39m       
expect(container[33m.[39mfirstChild)[33m.[39mtoBeNull()[33m;[39m
     [90m    |[39m                                    [31m[1m^[22m[39m
     [90m 97 |[39m     })[33m;[39m
     [90m 98 |[39m
     [90m 99 |[39m     it([32m'should not render when user is not a moderator or 
admin'[39m[33m,[39m [36masync[39m () [33m=>[39m {[0m

      at Object.toBeNull 
(src/components/moderation/__tests__/ModeratorFlagButton.test.tsx:96:36)

  笳・ModeratorFlagButton 窶ｺ Visibility Based on Role 窶ｺ should not render when user is not a 
moderator or admin

    expect(received).toBeNull()

    Received: <div aria-label="Notifications" class="fixed top-4 right-4 z-50 flex flex-col 
items-end pointer-events-none" role="region"><div class="pointer-events-auto" /></div>

    [0m [90m 111 |[39m       })[33m;[39m
     [90m 112 |[39m
    [31m[1m>[22m[39m[90m 113 |[39m       
expect(container[33m.[39mfirstChild)[33m.[39mtoBeNull()[33m;[39m
     [90m     |[39m                                    [31m[1m^[22m[39m
     [90m 114 |[39m     })[33m;[39m
     [90m 115 |[39m
     [90m 116 |[39m     it([32m'should render when user is a moderator'[39m[33m,[39m 
[36masync[39m () [33m=>[39m {[0m

      at Object.toBeNull 
(src/components/moderation/__tests__/ModeratorFlagButton.test.tsx:113:36)

  笳・ModeratorFlagButton 窶ｺ Error Handling 窶ｺ should handle role check error gracefully

    expect(received).toBeNull()

    Received: <div aria-label="Notifications" class="fixed top-4 right-4 z-50 flex flex-col 
items-end pointer-events-none" role="region"><div class="pointer-events-auto" /></div>

    [0m [90m 338 |[39m
     [90m 339 |[39m       [90m// Should not render on error[39m
    [31m[1m>[22m[39m[90m 340 |[39m       
expect(container[33m.[39mfirstChild)[33m.[39mtoBeNull()[33m;[39m
     [90m     |[39m                                    [31m[1m^[22m[39m
     [90m 341 |[39m
     [90m 342 |[39m       consoleSpy[33m.[39mmockRestore()[33m;[39m
     [90m 343 |[39m     })[33m;[39m[0m

      at Object.toBeNull 
(src/components/moderation/__tests__/ModeratorFlagButton.test.tsx:340:36)

FAIL src/components/moderation/__tests__/ModeratorFlagModal.test.tsx (9.572 s)
  笳・ModeratorFlagModal 窶ｺ Modal Visibility 窶ｺ should not render when isOpen is false

    expect(received).toBeNull()

    Received: <div aria-label="Notifications" class="fixed top-4 right-4 z-50 flex flex-col 
items-end pointer-events-none" role="region"><div class="pointer-events-auto" /></div>

    [0m [90m 69 |[39m       )[33m;[39m
     [90m 70 |[39m
    [31m[1m>[22m[39m[90m 71 |[39m       
expect(container[33m.[39mfirstChild)[33m.[39mtoBeNull()[33m;[39m
     [90m    |[39m                                    [31m[1m^[22m[39m
     [90m 72 |[39m     })[33m;[39m
     [90m 73 |[39m
     [90m 74 |[39m     it([32m'should render when isOpen is true'[39m[33m,[39m () 
[33m=>[39m {[0m

      at Object.toBeNull (src/components/moderation/__tests__/ModeratorFlagModal.test.tsx:71:36)

  笳・ModeratorFlagModal 窶ｺ Modal Visibility 窶ｺ should not render when user is not authenticated

    expect(received).toBeNull()

    Received: <div aria-label="Notifications" class="fixed top-4 right-4 z-50 flex flex-col 
items-end pointer-events-none" role="region"><div class="pointer-events-auto" /></div>

    [0m [90m 111 |[39m       )[33m;[39m
     [90m 112 |[39m
    [31m[1m>[22m[39m[90m 113 |[39m       
expect(container[33m.[39mfirstChild)[33m.[39mtoBeNull()[33m;[39m
     [90m     |[39m                                    [31m[1m^[22m[39m
     [90m 114 |[39m     })[33m;[39m
     [90m 115 |[39m   })[33m;[39m
     [90m 116 |[39m[0m

      at Object.toBeNull 
(src/components/moderation/__tests__/ModeratorFlagModal.test.tsx:113:36)

  笳・ModeratorFlagModal 窶ｺ Form Validation 窶ｺ should show error when submitting without 
selecting a reason

    Unable to find an element with the text: Please select a reason for flagging. This could be 
because the text is broken up by multiple elements. In this case, you can provide a function 
for your text matcher to make your matcher more flexible.

    Ignored nodes: comments, script, style
    [36m<body>[39m
      [36m<div>[39m
        [36m<div[39m
          [33mclass[39m=[32m"fixed inset-0 z-50 flex items-center justify-center bg-black 
bg-opacity-50 p-4"[39m
        [36m>[39m
          [36m<div[39m
            [33mclass[39m=[32m"bg-white dark:bg-gray-800 rounded-lg shadow-xl max-w-md 
w-full max-h-[90vh] overflow-y-auto"[39m
          [36m>[39m
            [36m<div[39m
              [33mclass[39m=[32m"flex items-center justify-between p-6 border-b 
border-gray-200 dark:border-gray-700"[39m
            [36m>[39m
              [36m<div[39m
                [33mclass[39m=[32m"flex items-center gap-2"[39m
              [36m>[39m
                [36m<h2[39m
                  [33mclass[39m=[32m"text-xl font-semibold text-gray-900 
dark:text-white"[39m
                [36m>[39m
                  [0mFlag [0m
                  [0mPost[0m
                [36m</h2>[39m
                [36m<span[39m
                  [33mclass[39m=[32m"px-2 py-1 text-xs font-medium bg-yellow-100 
dark:bg-yellow-900/30 text-yellow-800 dark:text-yellow-300 rounded"[39m
                [36m>[39m
                  [0mModerator Flag[0m
                [36m</span>[39m
              [36m</div>[39m
              [36m<button[39m
                [33maria-label[39m=[32m"Close modal"[39m
                [33mclass[39m=[32m"text-gray-400 hover:text-gray-600 
dark:hover:text-gray-300 disabled:opacity-50"[39m
              [36m>[39m
                [36m<svg[39m
                  [33mclass[39m=[32m"w-6 h-6"[39m
                  [33mfill[39m=[32m"none"[39m
                  [33mstroke[39m=[32m"currentColor"[39m
                  [33mviewBox[39m=[32m"0 0 24 24"[39m
                [36m>[39m
                  [36m<path[39m
                    [33md[39m=[32m"M6 18L18 6M6 6l12 12"[39m
                    [33mstroke-linecap[39m=[32m"round"[39m
                    [33mstroke-linejoin[39m=[32m"round"[39m
                    [33mstroke-width[39m=[32m"2"[39m
                  [36m/>[39m
                [36m</svg>[39m
              [36m</button>[39m
            [36m</div>[39m
            [36m<form[39m
              [33mclass[39m=[32m"p-6 space-y-4"[39m
            [36m>[39m
              [36m<div>[39m
                [36m<label[39m
                  [33mclass[39m=[32m"block text-sm font-medium text-gray-700 
dark:text-gray-300 mb-2"[39m
                  [33mfor[39m=[32m"reason"[39m
                [36m>[39m
                  [0mReason for flagging [0m
                  [36m<span[39m
                    [33mclass[39m=[32m"text-red-500"[39m
                  [36m>[39m
                    [0m*[0m
                  [36m</span>[39m
                [36m</label>[39m
                [36m<select[39m
                  [33mclass[39m=[32m"w-full px-3 py-2 border rounded-lg focus:outline-none 
focus:ring-2 focus:ring-blue-500 disabled:opacity-50 disabled:cursor-not-allowed 
border-gray-300 dark:border-gray-600 bg-white dark:bg-gray-700 text-gray-900 
dark:text-white"[39m
                  [33mid[39m=[32m"reason"[39m
                [36m>[39m
                  [36m<option[39m
                    [33mvalue[39m=[32m""[39m
                  [36m>[39m
                    [0mSelect a reason...[0m
                  [36m</option>[39m
                  [36m<option[39m
                    [33mvalue[39m=[32m"spam"[39m
                  [36m>[39m
                    [0mSpam or Misleading Content[0m
                  [36m</option>[39m
                  [36m<option[39m
                    [33mvalue[39m=[32m"harassment"[39m
                  [36m>[39m
                    [0mHarassment or Bullying[0m
                  [36m</option>[39m
                  [36m<option[39m
                    [33mvalue[39m=[32m"hate_speech"[39m
                  [36m>[39m
                    [0mHate Speech[0m
                  [36m</option>[39m
                  [36m<option[39m
                    [33mvalue[39m=[32m"inappropriate_content"[39m
                  [36m>[39m
                    [0mInappropriate Content[0m
                  [36m</option>[39m
                  [36m<option[39m
                    [33mvalue[39m=[32m"copyright_violation"[39m
                  [36m>[39m
                    [0mCopyright Violation[0m
                  [36m</option>[39m
                  [36m<option[39m
                    [33mvalue[39m=[32m"impersonation"[39m
                  [36m>[39m
                    [0mImpersonation[0m
                  [36m</option>[39m
                  [36m<option[39m
                    [33mvalue[39m=[32m"self_harm"[39m
                  [36m>[39m
                    [0mSelf-Harm or Dangerous Acts[0m
                  [36m</option>[39m
                  [36m<option[39m
                    [33mvalue[39m=[32m"other"[39m
                  [36m>[39m
                    [0mOther[0m
                  [36m</option>[39m
                [36m</select>[39m
              [36m</div>[39m
              [36m<div>[39m
                [36m<label[39m
                  [33mclass[39m=[32m"block text-sm font-medium text-gray-700 
dark:text-gray-300 mb-2"[39m
                  [33mfor[39m=[32m"priority"[39m
                [36m>[39m
                  [0mPriority Level[0m
                [36m</label>[39m
                [36m<select[39m
                  [33mclass[39m=[32m"w-full px-3 py-2 border border-gray-300 
dark:border-gray-600 rounded-lg focus:outline-none focus:ring-2 focus:ring-blue-500 
disabled:opacity-50 disabled:cursor-not-allowed bg-white dark:bg-gray-700 text-gray-900 
dark:text-white"[39m
                  [33mid[39m=[32m"priority"[39m
                [36m>[39m
                  [36m<option[39m
                    [33mvalue[39m=[32m"1"[39m
                  [36m>[39m
                    [0mP1 - Critical[0m
                  [36m</option>[39m
                  [36m<option[39m
                    [33mvalue[39m=[32m"2"[39m
                  [36m>[39m
                    [0mP2 - High[0m
                  [36m</option>[39m
                  [36m<option[39m
                    [33mvalue[39m=[32m"3"[39m
                  [36m>[39m
                    [0mP3 - Standard[0m
                  [36m</option>[39m
                  [36m<option[39m
                    [33mvalue[39m=[32m"4"[39m
                  [36m>[39m
                    [0mP4 - Low[0m
                  [36m</option>[39m
                  [36m<option[39m
                    [33mvalue[39m=[32m"5"[39m
                  [36m>[39m
                    [0mP5 - Minimal[0m
                  [36m</option>[39m
                [36m</select>[39m
                [36m<p[39m
                  [33mclass[39m=[32m"mt-1 text-xs text-gray-500 dark:text-gray-400"[39m
                [36m>[39m
                  [0mP1 = Critical, P2 = High, P3 = Standard, P4 = Low, P5 = Minimal[0m
                [36m</p>[39m
              [36m</div>[39m
              [36m<div>[39m
                [36m<label[39m
                  [33mclass[39m=[32m"block text-sm font-medium text-gray-700 
dark:text-gray-300 mb-2"[39m
                  [33mfor[39m=[32m"internalNotes"[39m
                [36m>[39m
                  [0mInternal Notes [0m
                  [36m<span[39m
                    [33mclass[39m=[32m"text-red-500"[39m
                  [36m>[39m
                    [0m*[0m
                  [36m</span>[39m
                [36m</label>[39m
                [36m<textarea[39m
                  [33mclass[39m=[32m"w-full px-3 py-2 border rounded-lg focus:outline-none 
focus:ring-2 focus:ring-blue-500 disabled:opacity-50 disabled:cursor-not-allowed resize-none 
border-gray-300 dark:border-gray-600 bg-white dark:bg-gray-700 text-gray-900 dark:text-white 
placeholder-gray-400 dark:placeholder-gray-500"[39m
                  [33mid[39m=[32m"internalNotes"[39m
                  [33mplaceholder[39m=[32m"Provide details about why this content is being 
flagged. These notes are visible to other moderators."[39m
                  [33mrows[39m=[32m"4"[39m
                [36m/>[39m
                [36m<p[39m
                  [33mclass[39m=[32m"mt-1 text-xs text-gray-500 dark:text-gray-400"[39m
                [36m>[39m
                  [0mRequired. Visible to other moderators only.[0m
                [36m</p>[39m
              [36m</div>[39m
              [36m<div[39m
                [33mclass[39m=[32m"bg-yellow-50 dark:bg-yellow-900/20 border 
border-yellow-200 dark:border-yellow-800 rounded-lg p-3"[39m
              [36m>[39m
                [36m<p[39m
                  [33mclass[39m=[32m"text-sm text-yellow-800 dark:text-yellow-300"[39m
                [36m>[39m
                  [0mThis flag will create a report with "under_review" status and appear at 
the top of the moderation queue.[0m
                [36m</p>[39m
              [36m</div>[39m
              [36m<div[39m
                [33mclass[39m=[32m"flex gap-3 pt-2"[39m
              [36m>[39m
                [36m<button[39m
                  [33mclass[39m=[32m"flex-1 px-4 py-2 border border-gray-300 
dark:border-gray-600 text-gray-700 dark:text-gray-300 rounded-lg hover:bg-gray-50 
dark:hover:bg-gray-700 disabled:opacity-50 disabled:cursor-not-allowed transition-colors"[39m
                  [33mtype[39m=[32m"button"[39m
                [36m>[39m
                  [0mCancel[0m
                [36m</button>[39m
                [36m<button[39m
                  [33mclass[39m=[32m"flex-1 px-4 py-2 bg-yellow-600 text-white rounded-lg 
hover:bg-yellow-700 disabled:opacity-50 disabled:cursor-not-allowed transition-colors flex 
items-center justify-center"[39m
                  [33mdisabled[39m=[32m""[39m
                  [33mtype[39m=[32m"submit"[39m
                [36m>[39m
                  [0mFlag Content[0m
                [36m</button>[39m
              [36m</div>[39m
            [36m</form>[39m
          [36m</div>[39m
        [36m</div>[39m
        [36m<div[39m
          [33maria-label[39m=[32m"Notifications"[39m
          [33mclass[39m=[32m"fixed top-4 right-4 z-50 flex flex-col items-end 
pointer-events-none"[39m
          [33mrole[39m=[32m"region"[39m
        [36m>[39m
          [36m<div[39m
            [33mclass[39m=[32m"pointer-events-auto"[39m
          [36m/>[39m
        [36m</div>[39m
      [36m</div>[39m
    [36m</body>[39m

    [0m [90m 129 |[39m       fireEvent[33m.[39mclick(submitButton)[33m;[39m
     [90m 130 |[39m
    [31m[1m>[22m[39m[90m 131 |[39m       [36mawait[39m waitFor(() [33m=>[39m {
     [90m     |[39m                    [31m[1m^[22m[39m
     [90m 132 |[39m         expect(screen[33m.[39mgetByText([32m'Please select a reason 
for flagging'[39m))[33m.[39mtoBeInTheDocument()[33m;[39m
     [90m 133 |[39m       })[33m;[39m
     [90m 134 |[39m[0m

      at waitForWrapper (node_modules/@testing-library/dom/dist/wait-for.js:163:27)
      at Object.<anonymous> 
(src/components/moderation/__tests__/ModeratorFlagModal.test.tsx:131:20)

  笳・ModeratorFlagModal 窶ｺ Form Validation 窶ｺ should show error when submitting without internal 
notes

    Unable to find an element with the text: Internal notes are required for moderator flags. 
This could be because the text is broken up by multiple elements. In this case, you can provide 
a function for your text matcher to make your matcher more flexible.

    Ignored nodes: comments, script, style
    [36m<body>[39m
      [36m<div>[39m
        [36m<div[39m
          [33mclass[39m=[32m"fixed inset-0 z-50 flex items-center justify-center bg-black 
bg-opacity-50 p-4"[39m
        [36m>[39m
          [36m<div[39m
            [33mclass[39m=[32m"bg-white dark:bg-gray-800 rounded-lg shadow-xl max-w-md 
w-full max-h-[90vh] overflow-y-auto"[39m
          [36m>[39m
            [36m<div[39m
              [33mclass[39m=[32m"flex items-center justify-between p-6 border-b 
border-gray-200 dark:border-gray-700"[39m
            [36m>[39m
              [36m<div[39m
                [33mclass[39m=[32m"flex items-center gap-2"[39m
              [36m>[39m
                [36m<h2[39m
                  [33mclass[39m=[32m"text-xl font-semibold text-gray-900 
dark:text-white"[39m
                [36m>[39m
                  [0mFlag [0m
                  [0mPost[0m
                [36m</h2>[39m
                [36m<span[39m
                  [33mclass[39m=[32m"px-2 py-1 text-xs font-medium bg-yellow-100 
dark:bg-yellow-900/30 text-yellow-800 dark:text-yellow-300 rounded"[39m
                [36m>[39m
                  [0mModerator Flag[0m
                [36m</span>[39m
              [36m</div>[39m
              [36m<button[39m
                [33maria-label[39m=[32m"Close modal"[39m
                [33mclass[39m=[32m"text-gray-400 hover:text-gray-600 
dark:hover:text-gray-300 disabled:opacity-50"[39m
              [36m>[39m
                [36m<svg[39m
                  [33mclass[39m=[32m"w-6 h-6"[39m
                  [33mfill[39m=[32m"none"[39m
                  [33mstroke[39m=[32m"currentColor"[39m
                  [33mviewBox[39m=[32m"0 0 24 24"[39m
                [36m>[39m
                  [36m<path[39m
                    [33md[39m=[32m"M6 18L18 6M6 6l12 12"[39m
                    [33mstroke-linecap[39m=[32m"round"[39m
                    [33mstroke-linejoin[39m=[32m"round"[39m
                    [33mstroke-width[39m=[32m"2"[39m
                  [36m/>[39m
                [36m</svg>[39m
              [36m</button>[39m
            [36m</div>[39m
            [36m<form[39m
              [33mclass[39m=[32m"p-6 space-y-4"[39m
            [36m>[39m
              [36m<div>[39m
                [36m<label[39m
                  [33mclass[39m=[32m"block text-sm font-medium text-gray-700 
dark:text-gray-300 mb-2"[39m
                  [33mfor[39m=[32m"reason"[39m
                [36m>[39m
                  [0mReason for flagging [0m
                  [36m<span[39m
                    [33mclass[39m=[32m"text-red-500"[39m
                  [36m>[39m
                    [0m*[0m
                  [36m</span>[39m
                [36m</label>[39m
                [36m<select[39m
                  [33mclass[39m=[32m"w-full px-3 py-2 border rounded-lg focus:outline-none 
focus:ring-2 focus:ring-blue-500 disabled:opacity-50 disabled:cursor-not-allowed 
border-gray-300 dark:border-gray-600 bg-white dark:bg-gray-700 text-gray-900 
dark:text-white"[39m
                  [33mid[39m=[32m"reason"[39m
                [36m>[39m
                  [36m<option[39m
                    [33mvalue[39m=[32m""[39m
                  [36m>[39m
                    [0mSelect a reason...[0m
                  [36m</option>[39m
                  [36m<option[39m
                    [33mvalue[39m=[32m"spam"[39m
                  [36m>[39m
                    [0mSpam or Misleading Content[0m
                  [36m</option>[39m
                  [36m<option[39m
                    [33mvalue[39m=[32m"harassment"[39m
                  [36m>[39m
                    [0mHarassment or Bullying[0m
                  [36m</option>[39m
                  [36m<option[39m
                    [33mvalue[39m=[32m"hate_speech"[39m
                  [36m>[39m
                    [0mHate Speech[0m
                  [36m</option>[39m
                  [36m<option[39m
                    [33mvalue[39m=[32m"inappropriate_content"[39m
                  [36m>[39m
                    [0mInappropriate Content[0m
                  [36m</option>[39m
                  [36m<option[39m
                    [33mvalue[39m=[32m"copyright_violation"[39m
                  [36m>[39m
                    [0mCopyright Violation[0m
                  [36m</option>[39m
                  [36m<option[39m
                    [33mvalue[39m=[32m"impersonation"[39m
                  [36m>[39m
                    [0mImpersonation[0m
                  [36m</option>[39m
                  [36m<option[39m
                    [33mvalue[39m=[32m"self_harm"[39m
                  [36m>[39m
                    [0mSelf-Harm or Dangerous Acts[0m
                  [36m</option>[39m
                  [36m<option[39m
                    [33mvalue[39m=[32m"other"[39m
                  [36m>[39m
                    [0mOther[0m
                  [36m</option>[39m
                [36m</select>[39m
              [36m</div>[39m
              [36m<div>[39m
                [36m<label[39m
                  [33mclass[39m=[32m"block text-sm font-medium text-gray-700 
dark:text-gray-300 mb-2"[39m
                  [33mfor[39m=[32m"priority"[39m
                [36m>[39m
                  [0mPriority Level[0m
                [36m</label>[39m
                [36m<select[39m
                  [33mclass[39m=[32m"w-full px-3 py-2 border border-gray-300 
dark:border-gray-600 rounded-lg focus:outline-none focus:ring-2 focus:ring-blue-500 
disabled:opacity-50 disabled:cursor-not-allowed bg-white dark:bg-gray-700 text-gray-900 
dark:text-white"[39m
                  [33mid[39m=[32m"priority"[39m
                [36m>[39m
                  [36m<option[39m
                    [33mvalue[39m=[32m"1"[39m
                  [36m>[39m
                    [0mP1 - Critical[0m
                  [36m</option>[39m
                  [36m<option[39m
                    [33mvalue[39m=[32m"2"[39m
                  [36m>[39m
                    [0mP2 - High[0m
                  [36m</option>[39m
                  [36m<option[39m
                    [33mvalue[39m=[32m"3"[39m
                  [36m>[39m
                    [0mP3 - Standard[0m
                  [36m</option>[39m
                  [36m<option[39m
                    [33mvalue[39m=[32m"4"[39m
                  [36m>[39m
                    [0mP4 - Low[0m
                  [36m</option>[39m
                  [36m<option[39m
                    [33mvalue[39m=[32m"5"[39m
                  [36m>[39m
                    [0mP5 - Minimal[0m
                  [36m</option>[39m
                [36m</select>[39m
                [36m<p[39m
                  [33mclass[39m=[32m"mt-1 text-xs text-gray-500 dark:text-gray-400"[39m
                [36m>[39m
                  [0mP1 = Critical, P2 = High, P3 = Standard, P4 = Low, P5 = Minimal[0m
                [36m</p>[39m
              [36m</div>[39m
              [36m<div>[39m
                [36m<label[39m
                  [33mclass[39m=[32m"block text-sm font-medium text-gray-700 
dark:text-gray-300 mb-2"[39m
                  [33mfor[39m=[32m"internalNotes"[39m
                [36m>[39m
                  [0mInternal Notes [0m
                  [36m<span[39m
                    [33mclass[39m=[32m"text-red-500"[39m
                  [36m>[39m
                    [0m*[0m
                  [36m</span>[39m
                [36m</label>[39m
                [36m<textarea[39m
                  [33mclass[39m=[32m"w-full px-3 py-2 border rounded-lg focus:outline-none 
focus:ring-2 focus:ring-blue-500 disabled:opacity-50 disabled:cursor-not-allowed resize-none 
border-gray-300 dark:border-gray-600 bg-white dark:bg-gray-700 text-gray-900 dark:text-white 
placeholder-gray-400 dark:placeholder-gray-500"[39m
                  [33mid[39m=[32m"internalNotes"[39m
                  [33mplaceholder[39m=[32m"Provide details about why this content is being 
flagged. These notes are visible to other moderators."[39m
                  [33mrows[39m=[32m"4"[39m
                [36m/>[39m
                [36m<p[39m
                  [33mclass[39m=[32m"mt-1 text-xs text-gray-500 dark:text-gray-400"[39m
                [36m>[39m
                  [0mRequired. Visible to other moderators only.[0m
                [36m</p>[39m
              [36m</div>[39m
              [36m<div[39m
                [33mclass[39m=[32m"bg-yellow-50 dark:bg-yellow-900/20 border 
border-yellow-200 dark:border-yellow-800 rounded-lg p-3"[39m
              [36m>[39m
                [36m<p[39m
                  [33mclass[39m=[32m"text-sm text-yellow-800 dark:text-yellow-300"[39m
                [36m>[39m
                  [0mThis flag will create a report with "under_review" status and appear at 
the top of the moderation queue.[0m
                [36m</p>[39m
              [36m</div>[39m
              [36m<div[39m
                [33mclass[39m=[32m"flex gap-3 pt-2"[39m
              [36m>[39m
                [36m<button[39m
                  [33mclass[39m=[32m"flex-1 px-4 py-2 border border-gray-300 
dark:border-gray-600 text-gray-700 dark:text-gray-300 rounded-lg hover:bg-gray-50 
dark:hover:bg-gray-700 disabled:opacity-50 disabled:cursor-not-allowed transition-colors"[39m
                  [33mtype[39m=[32m"button"[39m
                [36m>[39m
                  [0mCancel[0m
                [36m</button>[39m
                [36m<button[39m
                  [33mclass[39m=[32m"flex-1 px-4 py-2 bg-yellow-600 text-white rounded-lg 
hover:bg-yellow-700 disabled:opacity-50 disabled:cursor-not-allowed transition-colors flex 
items-center justify-center"[39m
                  [33mdisabled[39m=[32m""[39m
                  [33mtype[39m=[32m"submit"[39m
                [36m>[39m
                  [0mFlag Content[0m
                [36m</button>[39m
              [36m</div>[39m
            [36m</form>[39m
          [36m</div>[39m
        [36m</div>[39m
        [36m<div[39m
          [33maria-label[39m=[32m"Notifications"[39m
          [33mclass[39m=[32m"fixed top-4 right-4 z-50 flex flex-col items-end 
pointer-events-none"[39m
          [33mrole[39m=[32m"region"[39m
        [36m>[39m
          [36m<div[39m
            [33mclass[39m=[32m"pointer-events-auto"[39m
          [36m/>[39m
        [36m</div>[39m
      [36m</div>[39m
    [36m</body>[39m

    [0m [90m 152 |[39m       fireEvent[33m.[39mclick(submitButton)[33m;[39m
     [90m 153 |[39m
    [31m[1m>[22m[39m[90m 154 |[39m       [36mawait[39m waitFor(() [33m=>[39m {
     [90m     |[39m                    [31m[1m^[22m[39m
     [90m 155 |[39m         expect(screen[33m.[39mgetByText([32m'Internal notes are 
required for moderator flags'[39m))[33m.[39mtoBeInTheDocument()[33m;[39m
     [90m 156 |[39m       })[33m;[39m
     [90m 157 |[39m[0m

      at waitForWrapper (node_modules/@testing-library/dom/dist/wait-for.js:163:27)
      at Object.<anonymous> 
(src/components/moderation/__tests__/ModeratorFlagModal.test.tsx:154:20)

  笳・ModeratorFlagModal 窶ｺ Success Flow 窶ｺ should show success toast and close modal on 
successful submission

    ReferenceError: mockShowToast is not defined

    Ignored nodes: comments, script, style
    [36m<html>[39m
      [36m<head />[39m
      [36m<body>[39m
        [36m<div>[39m
          [36m<div[39m
            [33mclass[39m=[32m"fixed inset-0 z-50 flex items-center justify-center bg-black 
bg-opacity-50 p-4"[39m
          [36m>[39m
            [36m<div[39m
              [33mclass[39m=[32m"bg-white dark:bg-gray-800 rounded-lg shadow-xl max-w-md 
w-full max-h-[90vh] overflow-y-auto"[39m
            [36m>[39m
              [36m<div[39m
                [33mclass[39m=[32m"flex items-center justify-between p-6 border-b 
border-gray-200 dark:border-gray-700"[39m
              [36m>[39m
                [36m<div[39m
                  [33mclass[39m=[32m"flex items-center gap-2"[39m
                [36m>[39m
                  [36m<h2[39m
                    [33mclass[39m=[32m"text-xl font-semibold text-gray-900 
dark:text-white"[39m
                  [36m>[39m
                    [0mFlag [0m
                    [0mPost[0m
                  [36m</h2>[39m
                  [36m<span[39m
                    [33mclass[39m=[32m"px-2 py-1 text-xs font-medium bg-yellow-100 
dark:bg-yellow-900/30 text-yellow-800 dark:text-yellow-300 rounded"[39m
                  [36m>[39m
                    [0mModerator Flag[0m
                  [36m</span>[39m
                [36m</div>[39m
                [36m<button[39m
                  [33maria-label[39m=[32m"Close modal"[39m
                  [33mclass[39m=[32m"text-gray-400 hover:text-gray-600 
dark:hover:text-gray-300 disabled:opacity-50"[39m
                [36m>[39m
                  [36m<svg[39m
                    [33mclass[39m=[32m"w-6 h-6"[39m
                    [33mfill[39m=[32m"none"[39m
                    [33mstroke[39m=[32m"currentColor"[39m
                    [33mviewBox[39m=[32m"0 0 24 24"[39m
                  [36m>[39m
                    [36m<path[39m
                      [33md[39m=[32m"M6 18L18 6M6 6l12 12"[39m
                      [33mstroke-linecap[39m=[32m"round"[39m
                      [33mstroke-linejoin[39m=[32m"round"[39m
                      [33mstroke-width[39m=[32m"2"[39m
                    [36m/>[39m
                  [36m</svg>[39m
                [36m</button>[39m
              [36m</div>[39m
              [36m<form[39m
                [33mclass[39m=[32m"p-6 space-y-4"[39m
              [36m>[39m
                [36m<div>[39m
                  [36m<label[39m
                    [33mclass[39m=[32m"block text-sm font-medium text-gray-700 
dark:text-gray-300 mb-2"[39m
                    [33mfor[39m=[32m"reason"[39m
                  [36m>[39m
                    [0mReason for flagging [0m
                    [36m<span[39m
                      [33mclass[39m=[32m"text-red-500"[39m
                    [36m>[39m
                      [0m*[0m
                    [36m</span>[39m
                  [36m</label>[39m
                  [36m<select[39m
                    [33mclass[39m=[32m"w-full px-3 py-2 border rounded-lg focus:outline-none 
focus:ring-2 focus:ring-blue-500 disabled:opacity-50 disabled:cursor-not-allowed 
border-gray-300 dark:border-gray-600 bg-white dark:bg-gray-700 text-gray-900 
dark:text-white"[39m
                    [33mid[39m=[32m"reason"[39m
                  [36m>[39m
                    [36m<option[39m
                      [33mvalue[39m=[32m""[39m
                    [36m>[39m
                      [0mSelect a reason...[0m
                    [36m</option>[39m
                    [36m<option[39m
                      [33mvalue[39m=[32m"spam"[39m
                    [36m>[39m
                      [0mSpam or Misleading Content[0m
                    [36m</option>[39m
                    [36m<option[39m
                      [33mvalue[39m=[32m"harassment"[39m
                    [36m>[39m
                      [0mHarassment or Bullying[0m
                    [36m</option>[39m
                    [36m<option[39m
                      [33mvalue[39m=[32m"hate_speech"[39m
                    [36m>[39m
                      [0mHate Speech[0m
                    [36m</option>[39m
                    [36m<option[39m
                      [33mvalue[39m=[32m"inappropriate_content"[39m
                    [36m>[39m
                      [0mInappropriate Content[0m
                    [36m</option>[39m
                    [36m<option[39m
                      [33mvalue[39m=[32m"copyright_violation"[39m
                    [36m>[39m
                      [0mCopyright Violation[0m
                    [36m</option>[39m
                    [36m<option[39m
                      [33mvalue[39m=[32m"impersonation"[39m
                    [36m>[39m
                      [0mImpersonation[0m
                    [36m</option>[39m
                    [36m<option[39m
                      [33mvalue[39m=[32m"self_harm"[39m
                    [36m>[39m
                      [0mSelf-Harm or Dangerous Acts[0m
                    [36m</option>[39m
                    [36m<option[39m
                      [33mvalue[39m=[32m"other"[39m
                    [36m>[39m
                      [0mOther[0m
                    [36m</option>[39m
                  [36m</select>[39m
                [36m</div>[39m
                [36m<div>[39m
                  [36m<label[39m
                    [33mclass[39m=[32m"block text-sm font-medium text-gray-700 
dark:text-gray-300 mb-2"[39m
                    [33mfor[39m=[32m"priority"[39m
                  [36m>[39m
                    [0mPriority Level[0m
                  [36m</label>[39m
                  [36m<select[39m
                    [33mclass[39m=[32m"w-full px-3 py-2 border border-gray-300 
dark:border-gray-600 rounded-lg focus:outline-none focus:ring-2 focus:ring-blue-500 
disabled:opacity-50 disabled:cursor-not-allowed bg-white dark:bg-gray-700 text-gray-900 
dark:text-white"[39m
                    [33mid[39m=[32m"priority"[39m
                  [36m>[39m
                    [36m<option[39m
                      [33mvalue[39m=[32m"1"[39m
                    [36m>[39m
                      [0mP1 - Critical[0m
                    [36m</option>[39m
                    [36m<option[39m
                      [33mvalue[39m=[32m"2"[39m
                    [36m>[39m
                      [0mP2 - High[0m
                    [36m</option>[39m
                    [36m<option[39m
                      [33mvalue[39m=[32m"3"[39m
                    [36m>[39m
                      [0mP3 - Standard[0m
                    [36m</option>[39m
                    [36m<option[39m
                      [33mvalue[39m=[32m"4"[39m
                    [36m>[39m
                      [0mP4 - Low[0m
                    [36m</option>[39m
                    [36m<option[39m
                      [33mvalue[39m=[32m"5"[39m
                    [36m>[39m
                      [0mP5 - Minimal[0m
                    [36m</option>[39m
                  [36m</select>[39m
                  [36m<p[39m
                    [33mclass[39m=[32m"mt-1 text-xs text-gray-500 dark:text-gray-400"[39m
                  [36m>[39m
                    [0mP1 = Critical, P2 = High, P3 = Standard, P4 = Low, P5 = Minimal[0m
                  [36m</p>[39m
                [36m</div>[39m
                [36m<div>[39m
                  [36m<label[39m
                    [33mclass[39m=[32m"block text-sm font-medium text-gray-700 
dark:text-gray-300 mb-2"[39m
                    [33mfor[39m=[32m"internalNotes"[39m
                  [36m>[39m
                    [0mInternal Notes [0m
                    [36m<span[39m
                      [33mclass[39m=[32m"text-red-500"[39m
                    [36m>[39m
                      [0m*[0m
                    [36m</span>[39m
                  [36m</label>[39m
                  [36m<textarea[39m
                    [33mclass[39m=[32m"w-full px-3 py-2 border rounded-lg focus:outline-none 
focus:ring-2 focus:ring-blue-500 disabled:opacity-50 disabled:cursor-not-allowed resize-none 
border-gray-300 dark:border-gray-600 bg-white dark:bg-gray-700 text-gray-900 dark:text-white 
placeholder-gray-400 dark:placeholder-gray-500"[39m
                    [33mid[39m=[32m"internalNotes"[39m
                    [33mplaceholder[39m=[32m"Provide details about why this content is being 
flagged. These notes are visible to other moderators."[39m
                    [33mrows[39m=[32m"4"[39m
                  [36m/>[39m
                  [36m<p[39m
                    [33mclass[39m=[32m"mt-1 text-xs text-gray-500 dark:text-gray-400"[39m
                  [36m>[39m
                    [0mRequired. Visible to other moderators only.[0m
                  [36m</p>[39m
                [36m</div>[39m
                [36m<div[39m
                  [33mclass[39m=[32m"bg-yellow-50 dark:bg-yellow-900/20 border 
border-yellow-200 dark:border-yellow-800 rounded-lg p-3"[39m
                [36m>[39m
                  [36m<p[39m
                    [33mclass[39m=[32m"text-sm text-yellow-800 dark:text-yellow-300"[39m
                  [36m>[39m
                    [0mThis flag will create a report with "under_review" status and appear at 
the top of the moderation queue.[0m
                  [36m</p>[39m
                [36m</div>[39m
                [36m<div[39m
                  [33mclass[39m=[32m"flex gap-3 pt-2"[39m
                [36m>[39m
                  [36m<button[39m
                    [33mclass[39m=[32m"flex-1 px-4 py-2 border border-gray-300 
dark:border-gray-600 text-gray-700 dark:text-gray-300 rounded-lg hover:bg-gray-50 
dark:hover:bg-gray-700 disabled:opacity-50 disabled:cursor-not-allowed transition-colors"[39m
                    [33mtype[39m=[32m"button"[39m
                  [36m>[39m
                    [0mCancel[0m
                  [36m</button>[39m
                  [36m<button[39m
                    [33mclass[39m=[32m"flex-1 px-4 py-2 bg-yellow-600 text-white rounded-lg 
hover:bg-yellow-700 disabled:opacity-50 disabled:cursor-not-allowed transition-colors flex 
items-center justify-center"[39m
                    [33mdisabled[39m=[32m""[39m
                    [33mtype[39m=[32m"submit"[39m
                  [36m>[39m
                    [0mFlag Content[0m
                  [36m</button>[39m
                [36m</div>[39m
              [36m</form>[39m
            [36m</div>[39m
          [36m</div>[39m
          [36m<div[39m
            [33maria-label[39m=[32m"Notifications"[39m
            [33mclass[39m=[32m"fixed top-4 right-4 z-50 flex flex-col items-end 
pointer-events-none"[39m
            [33mrole[39m=[32m"region"[39m
          [36m>[39m
            [36m<div[39m
              [33mclass[39m=[32m"pointer-events-auto"[39m
            [36m>[39m
              [36m<div[39m
                [33maria-atomic[39m=[32m"true"[39m
                [33maria-live[39m=[32m"polite"[39m
                [33mclass[39m=[32m"
            bg-green-600 border-green-500
            border-l-4 rounded-lg shadow-lg p-4 mb-3
            flex items-start space-x-3 min-w-[300px] max-w-[500px]
            transition-all duration-300 ease-in-out
            opacity-100 translate-x-0 animate-slide-in
          "[39m
                [33mrole[39m=[32m"alert"[39m
              [36m>[39m
                [36m<div[39m
                  [33maria-hidden[39m=[32m"true"[39m
                  [33mclass[39m=[32m"bg-green-700 rounded-full w-6 h-6 flex items-center 
justify-center flex-shrink-0"[39m
                [36m>[39m
                  [36m<span[39m
                    [33mclass[39m=[32m"text-white font-bold text-sm"[39m
                  [36m>[39m
                    [0m笨・[0m
                  [36m</span>[39m
                [36m</div>[39m
                [36m<div[39m
                  [33mclass[39m=[32m"flex-1 text-white text-sm md:text-base font-medium 
pt-0.5"[39m
                [36m>[39m
                  [0mContent flagged successfully. It has been added to the moderation 
queue.[0m
                [36m</div>[39m
                [36m<button[39m
                  [33maria-label[39m=[32m"Dismiss notification"[39m
                  [33mclass[39m=[32m"text-white hover:text-gray-200 transition-colors 
flex-shrink-0 min-w-[24px] min-h-[24px] flex items-center justify-center focus:outline-none 
focus:ring-2 focus:ring-white focus:ring-offset-2 focus:ring-offset-transparent rounded"[39m
                [36m>[39m
                  [36m<svg[39m
                    [33maria-hidden[39m=[32m"true"[39m
                    [33mclass[39m=[32m"w-5 h-5"[39m
                    [33mfill[39m=[32m"none"[39m
                    [33mstroke[39m=[32m"currentColor"[39m
                    [33mviewBox[39m=[32m"0 0 24 24"[39m
                  [36m>[39m
                    [36m<path[39m
                      [33md[39m=[32m"M6 18L18 6M6 6l12 12"[39m
                      [33mstroke-linecap[39m=[32m"round"[39m
                      [33mstroke-linejoin[39m=[32m"round"[39m
                      [33mstroke-width[39m=[32m"2"[39m
                    [36m/>[39m
                  [36m</svg>[39m
                [36m</button>[39m
              [36m</div>[39m
            [36m</div>[39m
          [36m</div>[39m
        [36m</div>[39m
      [36m</body>[39m
    [36m</html>[39m

    [0m [90m 283 |[39m
     [90m 284 |[39m       [36mawait[39m waitFor(() [33m=>[39m {
    [31m[1m>[22m[39m[90m 285 |[39m         
expect(mockShowToast)[33m.[39mtoHaveBeenCalledWith(
     [90m     |[39m                [31m[1m^[22m[39m
     [90m 286 |[39m           [32m'Content flagged successfully. It has been added to the 
moderation queue.'[39m[33m,[39m
     [90m 287 |[39m           [32m'success'[39m
     [90m 288 |[39m         )[33m;[39m[0m

      at mockShowToast (src/components/moderation/__tests__/ModeratorFlagModal.test.tsx:285:16)
      at runWithExpensiveErrorDiagnosticsDisabled 
(node_modules/@testing-library/dom/dist/config.js:47:12)
      at checkCallback (node_modules/@testing-library/dom/dist/wait-for.js:124:77)
      at checkRealTimersCallback (node_modules/@testing-library/dom/dist/wait-for.js:118:16)
      at Timeout.task [as _onTimeout] (node_modules/jsdom/lib/jsdom/browser/Window.js:579:19)

  笳・ModeratorFlagModal 窶ｺ Success Flow 窶ｺ should reset form after successful submission

    ReferenceError: rerenderWithProviders is not defined

    [0m [90m 317 |[39m
     [90m 318 |[39m       [90m// Reopen modal[39m
    [31m[1m>[22m[39m[90m 319 |[39m       rerenderWithProviders(
     [90m     |[39m       [31m[1m^[22m[39m
     [90m 320 |[39m         [33m<[39m[33mModeratorFlagModal[39m
     [90m 321 |[39m           isOpen[33m=[39m{[36mtrue[39m}
     [90m 322 |[39m           onClose[33m=[39m{mockOnClose}[0m

      at Object.rerenderWithProviders 
(src/components/moderation/__tests__/ModeratorFlagModal.test.tsx:319:7)

  笳・ModeratorFlagModal 窶ｺ Error Handling 窶ｺ should show error toast on unauthorized error

    ReferenceError: mockShowToast is not defined

    Ignored nodes: comments, script, style
    [36m<html>[39m
      [36m<head />[39m
      [36m<body>[39m
        [36m<div>[39m
          [36m<div[39m
            [33mclass[39m=[32m"fixed inset-0 z-50 flex items-center justify-center bg-black 
bg-opacity-50 p-4"[39m
          [36m>[39m
            [36m<div[39m
              [33mclass[39m=[32m"bg-white dark:bg-gray-800 rounded-lg shadow-xl max-w-md 
w-full max-h-[90vh] overflow-y-auto"[39m
            [36m>[39m
              [36m<div[39m
                [33mclass[39m=[32m"flex items-center justify-between p-6 border-b 
border-gray-200 dark:border-gray-700"[39m
              [36m>[39m
                [36m<div[39m
                  [33mclass[39m=[32m"flex items-center gap-2"[39m
                [36m>[39m
                  [36m<h2[39m
                    [33mclass[39m=[32m"text-xl font-semibold text-gray-900 
dark:text-white"[39m
                  [36m>[39m
                    [0mFlag [0m
                    [0mPost[0m
                  [36m</h2>[39m
                  [36m<span[39m
                    [33mclass[39m=[32m"px-2 py-1 text-xs font-medium bg-yellow-100 
dark:bg-yellow-900/30 text-yellow-800 dark:text-yellow-300 rounded"[39m
                  [36m>[39m
                    [0mModerator Flag[0m
                  [36m</span>[39m
                [36m</div>[39m
                [36m<button[39m
                  [33maria-label[39m=[32m"Close modal"[39m
                  [33mclass[39m=[32m"text-gray-400 hover:text-gray-600 
dark:hover:text-gray-300 disabled:opacity-50"[39m
                [36m>[39m
                  [36m<svg[39m
                    [33mclass[39m=[32m"w-6 h-6"[39m
                    [33mfill[39m=[32m"none"[39m
                    [33mstroke[39m=[32m"currentColor"[39m
                    [33mviewBox[39m=[32m"0 0 24 24"[39m
                  [36m>[39m
                    [36m<path[39m
                      [33md[39m=[32m"M6 18L18 6M6 6l12 12"[39m
                      [33mstroke-linecap[39m=[32m"round"[39m
                      [33mstroke-linejoin[39m=[32m"round"[39m
                      [33mstroke-width[39m=[32m"2"[39m
                    [36m/>[39m
                  [36m</svg>[39m
                [36m</button>[39m
              [36m</div>[39m
              [36m<form[39m
                [33mclass[39m=[32m"p-6 space-y-4"[39m
              [36m>[39m
                [36m<div>[39m
                  [36m<label[39m
                    [33mclass[39m=[32m"block text-sm font-medium text-gray-700 
dark:text-gray-300 mb-2"[39m
                    [33mfor[39m=[32m"reason"[39m
                  [36m>[39m
                    [0mReason for flagging [0m
                    [36m<span[39m
                      [33mclass[39m=[32m"text-red-500"[39m
                    [36m>[39m
                      [0m*[0m
                    [36m</span>[39m
                  [36m</label>[39m
                  [36m<select[39m
                    [33mclass[39m=[32m"w-full px-3 py-2 border rounded-lg focus:outline-none 
focus:ring-2 focus:ring-blue-500 disabled:opacity-50 disabled:cursor-not-allowed 
border-gray-300 dark:border-gray-600 bg-white dark:bg-gray-700 text-gray-900 
dark:text-white"[39m
                    [33mid[39m=[32m"reason"[39m
                  [36m>[39m
                    [36m<option[39m
                      [33mvalue[39m=[32m""[39m
                    [36m>[39m
                      [0mSelect a reason...[0m
                    [36m</option>[39m
                    [36m<option[39m
                      [33mvalue[39m=[32m"spam"[39m
                    [36m>[39m
                      [0mSpam or Misleading Content[0m
                    [36m</option>[39m
                    [36m<option[39m
                      [33mvalue[39m=[32m"harassment"[39m
                    [36m>[39m
                      [0mHarassment or Bullying[0m
                    [36m</option>[39m
                    [36m<option[39m
                      [33mvalue[39m=[32m"hate_speech"[39m
                    [36m>[39m
                      [0mHate Speech[0m
                    [36m</option>[39m
                    [36m<option[39m
                      [33mvalue[39m=[32m"inappropriate_content"[39m
                    [36m>[39m
                      [0mInappropriate Content[0m
                    [36m</option>[39m
                    [36m<option[39m
                      [33mvalue[39m=[32m"copyright_violation"[39m
                    [36m>[39m
                      [0mCopyright Violation[0m
                    [36m</option>[39m
                    [36m<option[39m
                      [33mvalue[39m=[32m"impersonation"[39m
                    [36m>[39m
                      [0mImpersonation[0m
                    [36m</option>[39m
                    [36m<option[39m
                      [33mvalue[39m=[32m"self_harm"[39m
                    [36m>[39m
                      [0mSelf-Harm or Dangerous Acts[0m
                    [36m</option>[39m
                    [36m<option[39m
                      [33mvalue[39m=[32m"other"[39m
                    [36m>[39m
                      [0mOther[0m
                    [36m</option>[39m
                  [36m</select>[39m
                [36m</div>[39m
                [36m<div>[39m
                  [36m<label[39m
                    [33mclass[39m=[32m"block text-sm font-medium text-gray-700 
dark:text-gray-300 mb-2"[39m
                    [33mfor[39m=[32m"priority"[39m
                  [36m>[39m
                    [0mPriority Level[0m
                  [36m</label>[39m
                  [36m<select[39m
                    [33mclass[39m=[32m"w-full px-3 py-2 border border-gray-300 
dark:border-gray-600 rounded-lg focus:outline-none focus:ring-2 focus:ring-blue-500 
disabled:opacity-50 disabled:cursor-not-allowed bg-white dark:bg-gray-700 text-gray-900 
dark:text-white"[39m
                    [33mid[39m=[32m"priority"[39m
                  [36m>[39m
                    [36m<option[39m
                      [33mvalue[39m=[32m"1"[39m
                    [36m>[39m
                      [0mP1 - Critical[0m
                    [36m</option>[39m
                    [36m<option[39m
                      [33mvalue[39m=[32m"2"[39m
                    [36m>[39m
                      [0mP2 - High[0m
                    [36m</option>[39m
                    [36m<option[39m
                      [33mvalue[39m=[32m"3"[39m
                    [36m>[39m
                      [0mP3 - Standard[0m
                    [36m</option>[39m
                    [36m<option[39m
                      [33mvalue[39m=[32m"4"[39m
                    [36m>[39m
                      [0mP4 - Low[0m
                    [36m</option>[39m
                    [36m<option[39m
                      [33mvalue[39m=[32m"5"[39m
                    [36m>[39m
                      [0mP5 - Minimal[0m
                    [36m</option>[39m
                  [36m</select>[39m
                  [36m<p[39m
                    [33mclass[39m=[32m"mt-1 text-xs text-gray-500 dark:text-gray-400"[39m
                  [36m>[39m
                    [0mP1 = Critical, P2 = High, P3 = Standard, P4 = Low, P5 = Minimal[0m
                  [36m</p>[39m
                [36m</div>[39m
                [36m<div>[39m
                  [36m<label[39m
                    [33mclass[39m=[32m"block text-sm font-medium text-gray-700 
dark:text-gray-300 mb-2"[39m
                    [33mfor[39m=[32m"internalNotes"[39m
                  [36m>[39m
                    [0mInternal Notes [0m
                    [36m<span[39m
                      [33mclass[39m=[32m"text-red-500"[39m
                    [36m>[39m
                      [0m*[0m
                    [36m</span>[39m
                  [36m</label>[39m
                  [36m<textarea[39m
                    [33mclass[39m=[32m"w-full px-3 py-2 border rounded-lg focus:outline-none 
focus:ring-2 focus:ring-blue-500 disabled:opacity-50 disabled:cursor-not-allowed resize-none 
border-gray-300 dark:border-gray-600 bg-white dark:bg-gray-700 text-gray-900 dark:text-white 
placeholder-gray-400 dark:placeholder-gray-500"[39m
                    [33mid[39m=[32m"internalNotes"[39m
                    [33mplaceholder[39m=[32m"Provide details about why this content is being 
flagged. These notes are visible to other moderators."[39m
                    [33mrows[39m=[32m"4"[39m
                  [36m>[39m
                    [0mSpam content[0m
                  [36m</textarea>[39m
                  [36m<p[39m
                    [33mclass[39m=[32m"mt-1 text-xs text-gray-500 dark:text-gray-400"[39m
                  [36m>[39m
                    [0mRequired. Visible to other moderators only.[0m
                  [36m</p>[39m
                [36m</div>[39m
                [36m<div[39m
                  [33mclass[39m=[32m"bg-yellow-50 dark:bg-yellow-900/20 border 
border-yellow-200 dark:border-yellow-800 rounded-lg p-3"[39m
                [36m>[39m
                  [36m<p[39m
                    [33mclass[39m=[32m"text-sm text-yellow-800 dark:text-yellow-300"[39m
                  [36m>[39m
                    [0mThis flag will create a report with "under_review" status and appear at 
the top of the moderation queue.[0m
                  [36m</p>[39m
                [36m</div>[39m
                [36m<div[39m
                  [33mclass[39m=[32m"flex gap-3 pt-2"[39m
                [36m>[39m
                  [36m<button[39m
                    [33mclass[39m=[32m"flex-1 px-4 py-2 border border-gray-300 
dark:border-gray-600 text-gray-700 dark:text-gray-300 rounded-lg hover:bg-gray-50 
dark:hover:bg-gray-700 disabled:opacity-50 disabled:cursor-not-allowed transition-colors"[39m
                    [33mtype[39m=[32m"button"[39m
                  [36m>[39m
                    [0mCancel[0m
                  [36m</button>[39m
                  [36m<button[39m
                    [33mclass[39m=[32m"flex-1 px-4 py-2 bg-yellow-600 text-white rounded-lg 
hover:bg-yellow-700 disabled:opacity-50 disabled:cursor-not-allowed transition-colors flex 
items-center justify-center"[39m
                    [33mtype[39m=[32m"submit"[39m
                  [36m>[39m
                    [0mFlag Content[0m
                  [36m</button>[39m
                [36m</div>[39m
              [36m</form>[39m
            [36m</div>[39m
          [36m</div>[39m
          [36m<div[39m
            [33maria-label[39m=[32m"Notifications"[39m
            [33mclass[39m=[32m"fixed top-4 right-4 z-50 flex flex-col items-end 
pointer-events-none"[39m
            [33mrole[39m=[32m"region"[39m
          [36m>[39m
            [36m<div[39m
              [33mclass[39m=[32m"pointer-events-auto"[39m
            [36m>[39m
              [36m<div[39m
                [33maria-atomic[39m=[32m"true"[39m
                [33maria-live[39m=[32m"assertive"[39m
                [33mclass[39m=[32m"
            bg-red-600 border-red-500
            border-l-4 rounded-lg shadow-lg p-4 mb-3
            flex items-start space-x-3 min-w-[300px] max-w-[500px]
            transition-all duration-300 ease-in-out
            opacity-100 translate-x-0 animate-slide-in
          "[39m
                [33mrole[39m=[32m"alert"[39m
              [36m>[39m
                [36m<div[39m
                  [33maria-hidden[39m=[32m"true"[39m
                  [33mclass[39m=[32m"bg-red-700 rounded-full w-6 h-6 flex items-center 
justify-center flex-shrink-0"[39m
                [36m>[39m
                  [36m<span[39m
                    [33mclass[39m=[32m"text-white font-bold text-sm"[39m
                  [36m>[39m
                    [0m笨・[0m
                  [36m</span>[39m
                [36m</div>[39m
                [36m<div[39m
                  [33mclass[39m=[32m"flex-1 text-white text-sm md:text-base font-medium 
pt-0.5"[39m
                [36m>[39m
                  [0mYou do not have permission to flag content. Only moderators and admins 
can flag content.[0m
                [36m</div>[39m
                [36m<button[39m
                  [33maria-label[39m=[32m"Dismiss notification"[39m
                  [33mclass[39m=[32m"text-white hover:text-gray-200 transition-colors 
flex-shrink-0 min-w-[24px] min-h-[24px] flex items-center justify-center focus:outline-none 
focus:ring-2 focus:ring-white focus:ring-offset-2 focus:ring-offset-transparent rounded"[39m
                [36m>[39m
                  [36m<svg[39m
                    [33maria-hidden[39m=[32m"true"[39m
                    [33mclass[39m=[32m"w-5 h-5"[39m
                    [33mfill[39m=[32m"none"[39m
                    [33mstroke[39m=[32m"currentColor"[39m
                    [33mviewBox[39m=[32m"0 0 24 24"[39m
                  [36m>[39m
                    [36m<path[39m
                      [33md[39m=[32m"M6 18L18 6M6 6l12 12"[39m
                      [33mstroke-linecap[39m=[32m"round"[39m
                      [33mstroke-linejoin[39m=[32m"round"[39m
                      [33mstroke-width[39m=[32m"2"[39m
                    [36m/>[39m
                  [36m</svg>[39m
                [36m</button>[39m
              [36m</div>[39m
            [36m</div>[39m
          [36m</div>[39m
        [36m</div>[39m
      [36m</body>[39m
    [36m</html>[39m

    [0m [90m 357 |[39m
     [90m 358 |[39m       [36mawait[39m waitFor(() [33m=>[39m {
    [31m[1m>[22m[39m[90m 359 |[39m         
expect(mockShowToast)[33m.[39mtoHaveBeenCalledWith(
     [90m     |[39m                [31m[1m^[22m[39m
     [90m 360 |[39m           [32m'You do not have permission to flag content. Only 
moderators and admins can flag content.'[39m[33m,[39m
     [90m 361 |[39m           [32m'error'[39m[33m,[39m
     [90m 362 |[39m           [35m6000[39m[0m

      at mockShowToast (src/components/moderation/__tests__/ModeratorFlagModal.test.tsx:359:16)
      at runWithExpensiveErrorDiagnosticsDisabled 
(node_modules/@testing-library/dom/dist/config.js:47:12)
      at checkCallback (node_modules/@testing-library/dom/dist/wait-for.js:124:77)
      at checkRealTimersCallback (node_modules/@testing-library/dom/dist/wait-for.js:118:16)
      at Timeout.task [as _onTimeout] (node_modules/jsdom/lib/jsdom/browser/Window.js:579:19)

  笳・ModeratorFlagModal 窶ｺ Error Handling 窶ｺ should show generic error toast on other errors

    ReferenceError: mockShowToast is not defined

    Ignored nodes: comments, script, style
    [36m<html>[39m
      [36m<head />[39m
      [36m<body>[39m
        [36m<div>[39m
          [36m<div[39m
            [33mclass[39m=[32m"fixed inset-0 z-50 flex items-center justify-center bg-black 
bg-opacity-50 p-4"[39m
          [36m>[39m
            [36m<div[39m
              [33mclass[39m=[32m"bg-white dark:bg-gray-800 rounded-lg shadow-xl max-w-md 
w-full max-h-[90vh] overflow-y-auto"[39m
            [36m>[39m
              [36m<div[39m
                [33mclass[39m=[32m"flex items-center justify-between p-6 border-b 
border-gray-200 dark:border-gray-700"[39m
              [36m>[39m
                [36m<div[39m
                  [33mclass[39m=[32m"flex items-center gap-2"[39m
                [36m>[39m
                  [36m<h2[39m
                    [33mclass[39m=[32m"text-xl font-semibold text-gray-900 
dark:text-white"[39m
                  [36m>[39m
                    [0mFlag [0m
                    [0mPost[0m
                  [36m</h2>[39m
                  [36m<span[39m
                    [33mclass[39m=[32m"px-2 py-1 text-xs font-medium bg-yellow-100 
dark:bg-yellow-900/30 text-yellow-800 dark:text-yellow-300 rounded"[39m
                  [36m>[39m
                    [0mModerator Flag[0m
                  [36m</span>[39m
                [36m</div>[39m
                [36m<button[39m
                  [33maria-label[39m=[32m"Close modal"[39m
                  [33mclass[39m=[32m"text-gray-400 hover:text-gray-600 
dark:hover:text-gray-300 disabled:opacity-50"[39m
                [36m>[39m
                  [36m<svg[39m
                    [33mclass[39m=[32m"w-6 h-6"[39m
                    [33mfill[39m=[32m"none"[39m
                    [33mstroke[39m=[32m"currentColor"[39m
                    [33mviewBox[39m=[32m"0 0 24 24"[39m
                  [36m>[39m
                    [36m<path[39m
                      [33md[39m=[32m"M6 18L18 6M6 6l12 12"[39m
                      [33mstroke-linecap[39m=[32m"round"[39m
                      [33mstroke-linejoin[39m=[32m"round"[39m
                      [33mstroke-width[39m=[32m"2"[39m
                    [36m/>[39m
                  [36m</svg>[39m
                [36m</button>[39m
              [36m</div>[39m
              [36m<form[39m
                [33mclass[39m=[32m"p-6 space-y-4"[39m
              [36m>[39m
                [36m<div>[39m
                  [36m<label[39m
                    [33mclass[39m=[32m"block text-sm font-medium text-gray-700 
dark:text-gray-300 mb-2"[39m
                    [33mfor[39m=[32m"reason"[39m
                  [36m>[39m
                    [0mReason for flagging [0m
                    [36m<span[39m
                      [33mclass[39m=[32m"text-red-500"[39m
                    [36m>[39m
                      [0m*[0m
                    [36m</span>[39m
                  [36m</label>[39m
                  [36m<select[39m
                    [33mclass[39m=[32m"w-full px-3 py-2 border rounded-lg focus:outline-none 
focus:ring-2 focus:ring-blue-500 disabled:opacity-50 disabled:cursor-not-allowed 
border-gray-300 dark:border-gray-600 bg-white dark:bg-gray-700 text-gray-900 
dark:text-white"[39m
                    [33mid[39m=[32m"reason"[39m
                  [36m>[39m
                    [36m<option[39m
                      [33mvalue[39m=[32m""[39m
                    [36m>[39m
                      [0mSelect a reason...[0m
                    [36m</option>[39m
                    [36m<option[39m
                      [33mvalue[39m=[32m"spam"[39m
                    [36m>[39m
                      [0mSpam or Misleading Content[0m
                    [36m</option>[39m
                    [36m<option[39m
                      [33mvalue[39m=[32m"harassment"[39m
                    [36m>[39m
                      [0mHarassment or Bullying[0m
                    [36m</option>[39m
                    [36m<option[39m
                      [33mvalue[39m=[32m"hate_speech"[39m
                    [36m>[39m
                      [0mHate Speech[0m
                    [36m</option>[39m
                    [36m<option[39m
                      [33mvalue[39m=[32m"inappropriate_content"[39m
                    [36m>[39m
                      [0mInappropriate Content[0m
                    [36m</option>[39m
                    [36m<option[39m
                      [33mvalue[39m=[32m"copyright_violation"[39m
                    [36m>[39m
                      [0mCopyright Violation[0m
                    [36m</option>[39m
                    [36m<option[39m
                      [33mvalue[39m=[32m"impersonation"[39m
                    [36m>[39m
                      [0mImpersonation[0m
                    [36m</option>[39m
                    [36m<option[39m
                      [33mvalue[39m=[32m"self_harm"[39m
                    [36m>[39m
                      [0mSelf-Harm or Dangerous Acts[0m
                    [36m</option>[39m
                    [36m<option[39m
                      [33mvalue[39m=[32m"other"[39m
                    [36m>[39m
                      [0mOther[0m
                    [36m</option>[39m
                  [36m</select>[39m
                [36m</div>[39m
                [36m<div>[39m
                  [36m<label[39m
                    [33mclass[39m=[32m"block text-sm font-medium text-gray-700 
dark:text-gray-300 mb-2"[39m
                    [33mfor[39m=[32m"priority"[39m
                  [36m>[39m
                    [0mPriority Level[0m
                  [36m</label>[39m
                  [36m<select[39m
                    [33mclass[39m=[32m"w-full px-3 py-2 border border-gray-300 
dark:border-gray-600 rounded-lg focus:outline-none focus:ring-2 focus:ring-blue-500 
disabled:opacity-50 disabled:cursor-not-allowed bg-white dark:bg-gray-700 text-gray-900 
dark:text-white"[39m
                    [33mid[39m=[32m"priority"[39m
                  [36m>[39m
                    [36m<option[39m
                      [33mvalue[39m=[32m"1"[39m
                    [36m>[39m
                      [0mP1 - Critical[0m
                    [36m</option>[39m
                    [36m<option[39m
                      [33mvalue[39m=[32m"2"[39m
                    [36m>[39m
                      [0mP2 - High[0m
                    [36m</option>[39m
                    [36m<option[39m
                      [33mvalue[39m=[32m"3"[39m
                    [36m>[39m
                      [0mP3 - Standard[0m
                    [36m</option>[39m
                    [36m<option[39m
                      [33mvalue[39m=[32m"4"[39m
                    [36m>[39m
                      [0mP4 - Low[0m
                    [36m</option>[39m
                    [36m<option[39m
                      [33mvalue[39m=[32m"5"[39m
                    [36m>[39m
                      [0mP5 - Minimal[0m
                    [36m</option>[39m
                  [36m</select>[39m
                  [36m<p[39m
                    [33mclass[39m=[32m"mt-1 text-xs text-gray-500 dark:text-gray-400"[39m
                  [36m>[39m
                    [0mP1 = Critical, P2 = High, P3 = Standard, P4 = Low, P5 = Minimal[0m
                  [36m</p>[39m
                [36m</div>[39m
                [36m<div>[39m
                  [36m<label[39m
                    [33mclass[39m=[32m"block text-sm font-medium text-gray-700 
dark:text-gray-300 mb-2"[39m
                    [33mfor[39m=[32m"internalNotes"[39m
                  [36m>[39m
                    [0mInternal Notes [0m
                    [36m<span[39m
                      [33mclass[39m=[32m"text-red-500"[39m
                    [36m>[39m
                      [0m*[0m
                    [36m</span>[39m
                  [36m</label>[39m
                  [36m<textarea[39m
                    [33mclass[39m=[32m"w-full px-3 py-2 border rounded-lg focus:outline-none 
focus:ring-2 focus:ring-blue-500 disabled:opacity-50 disabled:cursor-not-allowed resize-none 
border-gray-300 dark:border-gray-600 bg-white dark:bg-gray-700 text-gray-900 dark:text-white 
placeholder-gray-400 dark:placeholder-gray-500"[39m
                    [33mid[39m=[32m"internalNotes"[39m
                    [33mplaceholder[39m=[32m"Provide details about why this content is being 
flagged. These notes are visible to other moderators."[39m
                    [33mrows[39m=[32m"4"[39m
                  [36m>[39m
                    [0mSpam content[0m
                  [36m</textarea>[39m
                  [36m<p[39m
                    [33mclass[39m=[32m"mt-1 text-xs text-gray-500 dark:text-gray-400"[39m
                  [36m>[39m
                    [0mRequired. Visible to other moderators only.[0m
                  [36m</p>[39m
                [36m</div>[39m
                [36m<div[39m
                  [33mclass[39m=[32m"bg-yellow-50 dark:bg-yellow-900/20 border 
border-yellow-200 dark:border-yellow-800 rounded-lg p-3"[39m
                [36m>[39m
                  [36m<p[39m
                    [33mclass[39m=[32m"text-sm text-yellow-800 dark:text-yellow-300"[39m
                  [36m>[39m
                    [0mThis flag will create a report with "under_review" status and appear at 
the top of the moderation queue.[0m
                  [36m</p>[39m
                [36m</div>[39m
                [36m<div[39m
                  [33mclass[39m=[32m"flex gap-3 pt-2"[39m
                [36m>[39m
                  [36m<button[39m
                    [33mclass[39m=[32m"flex-1 px-4 py-2 border border-gray-300 
dark:border-gray-600 text-gray-700 dark:text-gray-300 rounded-lg hover:bg-gray-50 
dark:hover:bg-gray-700 disabled:opacity-50 disabled:cursor-not-allowed transition-colors"[39m
                    [33mtype[39m=[32m"button"[39m
                  [36m>[39m
                    [0mCancel[0m
                  [36m</button>[39m
                  [36m<button[39m
                    [33mclass[39m=[32m"flex-1 px-4 py-2 bg-yellow-600 text-white rounded-lg 
hover:bg-yellow-700 disabled:opacity-50 disabled:cursor-not-allowed transition-colors flex 
items-center justify-center"[39m
                    [33mtype[39m=[32m"submit"[39m
                  [36m>[39m
                    [0mFlag Content[0m
                  [36m</button>[39m
                [36m</div>[39m
              [36m</form>[39m
            [36m</div>[39m
          [36m</div>[39m
          [36m<div[39m
            [33maria-label[39m=[32m"Notifications"[39m
            [33mclass[39m=[32m"fixed top-4 right-4 z-50 flex flex-col items-end 
pointer-events-none"[39m
            [33mrole[39m=[32m"region"[39m
          [36m>[39m
            [36m<div[39m
              [33mclass[39m=[32m"pointer-events-auto"[39m
            [36m>[39m
              [36m<div[39m
                [33maria-atomic[39m=[32m"true"[39m
                [33maria-live[39m=[32m"assertive"[39m
                [33mclass[39m=[32m"
            bg-red-600 border-red-500
            border-l-4 rounded-lg shadow-lg p-4 mb-3
            flex items-start space-x-3 min-w-[300px] max-w-[500px]
            transition-all duration-300 ease-in-out
            opacity-100 translate-x-0 animate-slide-in
          "[39m
                [33mrole[39m=[32m"alert"[39m
              [36m>[39m
                [36m<div[39m
                  [33maria-hidden[39m=[32m"true"[39m
                  [33mclass[39m=[32m"bg-red-700 rounded-full w-6 h-6 flex items-center 
justify-center flex-shrink-0"[39m
                [36m>[39m
                  [36m<span[39m
                    [33mclass[39m=[32m"text-white font-bold text-sm"[39m
                  [36m>[39m
                    [0m笨・[0m
                  [36m</span>[39m
                [36m</div>[39m
                [36m<div[39m
                  [33mclass[39m=[32m"flex-1 text-white text-sm md:text-base font-medium 
pt-0.5"[39m
                [36m>[39m
                  [0mNetwork error[0m
                [36m</div>[39m
                [36m<button[39m
                  [33maria-label[39m=[32m"Dismiss notification"[39m
                  [33mclass[39m=[32m"text-white hover:text-gray-200 transition-colors 
flex-shrink-0 min-w-[24px] min-h-[24px] flex items-center justify-center focus:outline-none 
focus:ring-2 focus:ring-white focus:ring-offset-2 focus:ring-offset-transparent rounded"[39m
                [36m>[39m
                  [36m<svg[39m
                    [33maria-hidden[39m=[32m"true"[39m
                    [33mclass[39m=[32m"w-5 h-5"[39m
                    [33mfill[39m=[32m"none"[39m
                    [33mstroke[39m=[32m"currentColor"[39m
                    [33mviewBox[39m=[32m"0 0 24 24"[39m
                  [36m>[39m
                    [36m<path[39m
                      [33md[39m=[32m"M6 18L18 6M6 6l12 12"[39m
                      [33mstroke-linecap[39m=[32m"round"[39m
                      [33mstroke-linejoin[39m=[32m"round"[39m
                      [33mstroke-width[39m=[32m"2"[39m
                    [36m/>[39m
                  [36m</svg>[39m
                [36m</button>[39m
              [36m</div>[39m
            [36m</div>[39m
          [36m</div>[39m
        [36m</div>[39m
      [36m</body>[39m
    [36m</html>[39m

    [0m [90m 389 |[39m
     [90m 390 |[39m       [36mawait[39m waitFor(() [33m=>[39m {
    [31m[1m>[22m[39m[90m 391 |[39m         
expect(mockShowToast)[33m.[39mtoHaveBeenCalledWith(
     [90m     |[39m                [31m[1m^[22m[39m
     [90m 392 |[39m           [32m'Network error'[39m[33m,[39m
     [90m 393 |[39m           [32m'error'[39m
     [90m 394 |[39m         )[33m;[39m[0m

      at mockShowToast (src/components/moderation/__tests__/ModeratorFlagModal.test.tsx:391:16)
      at runWithExpensiveErrorDiagnosticsDisabled 
(node_modules/@testing-library/dom/dist/config.js:47:12)
      at checkCallback (node_modules/@testing-library/dom/dist/wait-for.js:124:77)
      at checkRealTimersCallback (node_modules/@testing-library/dom/dist/wait-for.js:118:16)
      at Timeout.task [as _onTimeout] (node_modules/jsdom/lib/jsdom/browser/Window.js:579:19)

  笳・ModeratorFlagModal 窶ｺ Modal Interactions 窶ｺ should close modal when clicking backdrop

    expect(jest.fn()).toHaveBeenCalled()

    Expected number of calls: >= 1
    Received number of calls:    0

    [0m [90m 481 |[39m       [36mif[39m (backdrop) {
     [90m 482 |[39m         fireEvent[33m.[39mclick(backdrop)[33m;[39m
    [31m[1m>[22m[39m[90m 483 |[39m         
expect(mockOnClose)[33m.[39mtoHaveBeenCalled()[33m;[39m
     [90m     |[39m                             [31m[1m^[22m[39m
     [90m 484 |[39m       }
     [90m 485 |[39m     })[33m;[39m
     [90m 486 |[39m[0m

      at Object.toHaveBeenCalled 
(src/components/moderation/__tests__/ModeratorFlagModal.test.tsx:483:29)

Test Suites: 2 failed, 2 total
Tests:       13 failed, 25 passed, 38 total
Snapshots:   0 total
Time:        13.056 s
Ran all test suites matching ModeratorFlagButton.test.tsx|ModeratorFlagModal.test.tsx.
npm verbose stack Error: command failed
npm verbose stack     at promiseSpawn (C:\Users\maski\AppData\Local\nvm\v22.19.0\node_modules\np
m\node_modules\@npmcli\promise-spawn\lib\index.js:22:22)
npm verbose stack     at spawnWithShell (C:\Users\maski\AppData\Local\nvm\v22.19.0\node_modules\
npm\node_modules\@npmcli\promise-spawn\lib\index.js:124:10)
npm verbose stack     at promiseSpawn (C:\Users\maski\AppData\Local\nvm\v22.19.0\node_modules\np
m\node_modules\@npmcli\promise-spawn\lib\index.js:12:12)
npm verbose stack     at runScriptPkg (C:\Users\maski\AppData\Local\nvm\v22.19.0\node_modules\np
m\node_modules\@npmcli\run-script\lib\run-script-pkg.js:79:13)
npm verbose stack     at runScript (C:\Users\maski\AppData\Local\nvm\v22.19.0\node_modules\npm\n
ode_modules\@npmcli\run-script\lib\run-script.js:9:12)
npm verbose stack     at #run 
(C:\Users\maski\AppData\Local\nvm\v22.19.0\node_modules\npm\lib\commands\run.js:135:13)
npm verbose stack     at RunScript.execWorkspaces 
(C:\Users\maski\AppData\Local\nvm\v22.19.0\node_modules\npm\lib\commands\run.js:67:24)
npm verbose stack     at async Npm.exec 
(C:\Users\maski\AppData\Local\nvm\v22.19.0\node_modules\npm\lib\npm.js:208:9)
npm verbose stack     at async module.exports 
(C:\Users\maski\AppData\Local\nvm\v22.19.0\node_modules\npm\lib\cli\entry.js:67:5)
npm verbose pkgid client@0.1.0
npm error Lifecycle script `test` failed with error:
npm error code 1
npm error path C:\Users\maski\ai-music-community\client
npm error workspace client@0.1.0
npm error location C:\Users\maski\ai-music-community\client
npm error command failed
npm error command C:\windows\system32\cmd.exe /d /s /c jest ModeratorFlagButton.test.tsx 
ModeratorFlagModal.test.tsx
npm verbose cwd C:\Users\maski\ai-music-community\client
npm verbose os Windows_NT 10.0.26200
npm verbose node v22.19.0
npm verbose npm  v11.6.2
npm verbose exit 1
npm verbose code 1
